#!/usr/bin/env snaprotate

policy = recent <||> weekly <||> monthly

recent = (keepLast twodays <?> "keep last 48h")
    <||> (keepN 2 <?> "keep last two")
weekly = keepOnePerWeekLast4Weeks <?> "one per week, last month"
monthly =  keepOnePerMonth <?> "one per month, forever"

twodays = 2 <*> day
week = 7 <*> day

keepOnePerMonth = keepOneEvery month

keepOnePerWeekLast4Weeks = keepOneEvery week <&&> keepLast month



